[backblue.gif]
[fade.gif]
[index.html]
[quixlab.com/demo/tradix/dark/images/favicon.png]
[quixlab.com/demo/tradix/dark/images/logo.png]
[quixlab.com/demo/tradix/dark/images/portfolio.png]
[quixlab.com/demo/tradix/dark/images/brand/1.webp]
[quixlab.com/demo/tradix/dark/images/brand/2.webp]
[quixlab.com/demo/tradix/dark/images/brand/3.webp]
[quixlab.com/demo/tradix/dark/images/brand/4.webp]
[quixlab.com/demo/tradix/dark/images/brand/5.webp]
[quixlab.com/demo/tradix/dark/images/testimonial/1.jpg]
[quixlab.com/demo/tradix/dark/images/testimonial/2.jpg]
[quixlab.com/demo/tradix/dark/images/app.png]
[quixlab.com/demo/tradix/dark/images/blog/1.jpg]
[quixlab.com/demo/tradix/dark/images/avatar/5.jpg]
[quixlab.com/demo/tradix/dark/images/blog/2.jpg]
[quixlab.com/demo/tradix/dark/images/avatar/6.jpg]
[quixlab.com/demo/tradix/dark/images/blog/3.jpg]
[quixlab.com/demo/tradix/dark/images/avatar/7.jpg]
[quixlab.com/demo/tradix/dark/images/logo-white.png]
[quixlab.com/demo/tradix/dark/js/global.js]
[quixlab.com/demo/tradix/dark/vendor/bootstrap/js/bootstrap.bundle.min.js]
[quixlab.com/demo/tradix/dark/vendor/owl-carousel/js/owl.carousel.min.js]
[quixlab.com/demo/tradix/dark/js/plugins/owl-carousel-init.js]
[quixlab.com/demo/tradix/dark/vendor/apexchart/apexcharts.min.js]
[quixlab.com/demo/tradix/dark/vendor/apexchart/apexchart-init.js]
[quixlab.com/demo/tradix/dark/js/scripts.js]
[quixlab.com/demo/tradix/dark/js/settings.js]
[quixlab.com/demo/tradix/dark/js/quixnav-init.js]
[quixlab.com/demo/tradix/dark/js/styleSwitcher.js]
[quixlab.com/demo/tradix/dark/index.html]
[quixlab.com/demo/tradix/dark/vendor/nice-select/css/nice-select.css]
[quixlab.com/demo/tradix/dark/vendor/owl-carousel/css/owl.theme.default.css]
[quixlab.com/demo/tradix/dark/vendor/owl-carousel/css/owl.carousel.min.css]
[quixlab.com/demo/tradix/dark/images/background/2.jpg]
[quixlab.com/demo/tradix/dark/css/style.css]
[quixlab.com/demo/tradix/dark/images/app2.png]
[quixlab.com/demo/tradix/dark/vendor/jquery-sparkline/jquery.sparkline.min.js]
[quixlab.com/demo/tradix/dark/js/plugins/sparkline-init.js]
[quixlab.com/demo/tradix/dark/index2.html]
[quixlab.com/demo/tradix/dark/price.html]
[quixlab.com/demo/tradix/dark/images/map.png]
[quixlab.com/demo/tradix/dark/wallet.html]
[quixlab.com/demo/tradix/dark/images/about/1.jpg]
[quixlab.com/demo/tradix/dark/about.html]
[quixlab.com/demo/tradix/dark/images/team/1.jpg]
[quixlab.com/demo/tradix/dark/images/team/2.jpg]
[quixlab.com/demo/tradix/dark/images/team/3.jpg]
[quixlab.com/demo/tradix/dark/images/team/4.jpg]
[quixlab.com/demo/tradix/dark/images/team/5.jpg]
[quixlab.com/demo/tradix/dark/images/team/6.jpg]
[quixlab.com/demo/tradix/dark/team.html]
[quixlab.com/demo/tradix/dark/images/blog/post_1.jpg]
[quixlab.com/demo/tradix/dark/images/blog/post_2.jpg]
[quixlab.com/demo/tradix/dark/images/blog/post_3.jpg]
[quixlab.com/demo/tradix/dark/blog.html]
[quixlab.com/demo/tradix/dark/images/bg/2.jpg]
[quixlab.com/demo/tradix/dark/career.html]
[quixlab.com/demo/tradix/dark/contact.html]
[quixlab.com/demo/tradix/dark/helpdesk.html]
[quixlab.com/demo/tradix/dark/faq.html]
[quixlab.com/demo/tradix/dark/vendor/toastr/toastr.min.js]
[quixlab.com/demo/tradix/dark/vendor/toastr/toastr-init.js]
[quixlab.com/demo/tradix/dark/vendor/circle-progress/circle-progress.min.js]
[quixlab.com/demo/tradix/dark/vendor/circle-progress/circle-progress-init.js]
[quixlab.com/demo/tradix/dark/js/dashboard.js]
[quixlab.com/demo/tradix/dark/dashboard.html]
[quixlab.com/demo/tradix/dark/vendor/validator/jquery.validate.js]
[quixlab.com/demo/tradix/dark/vendor/validator/validator-init.js]
[quixlab.com/demo/tradix/dark/signin.html]
[quixlab.com/demo/tradix/dark/images/svg/protect.svg]
[quixlab.com/demo/tradix/dark/images/svg/cyber.svg]
[quixlab.com/demo/tradix/dark/images/svg/finance.svg]
[quixlab.com/demo/tradix/dark/images/android.svg]
[quixlab.com/demo/tradix/dark/images/apple.svg]
[quixlab.com/demo/tradix/dark/images/blog/cm-img.png]
[quixlab.com/demo/tradix/dark/blog-single.html]
[quixlab.com/demo/tradix/dark/vendor/owl-carousel/css/owl.video.play.html]
[quixlab.com/demo/tradix/dark/vendor/waves/waves.min.css]
[quixlab.com/demo/tradix/dark/icons/line-awesome/fonts/la-brands-400.eot]
[quixlab.com/demo/tradix/dark/icons/line-awesome/fonts/la-brands-400d41d.eot]
[quixlab.com/demo/tradix/dark/icons/line-awesome/fonts/la-brands-400.woff2]
[quixlab.com/demo/tradix/dark/icons/line-awesome/fonts/la-brands-400.woff]
[quixlab.com/demo/tradix/dark/icons/line-awesome/fonts/la-brands-400.ttf]
[quixlab.com/demo/tradix/dark/icons/line-awesome/fonts/la-regular-400.eot]
[quixlab.com/demo/tradix/dark/icons/line-awesome/fonts/la-regular-400d41d.eot]
[quixlab.com/demo/tradix/dark/icons/line-awesome/fonts/la-regular-400.woff2]
[quixlab.com/demo/tradix/dark/icons/line-awesome/fonts/la-regular-400.woff]
[quixlab.com/demo/tradix/dark/icons/line-awesome/fonts/la-regular-400.ttf]
[quixlab.com/demo/tradix/dark/icons/line-awesome/fonts/la-solid-900.eot]
[quixlab.com/demo/tradix/dark/icons/line-awesome/fonts/la-solid-900d41d.eot]
[quixlab.com/demo/tradix/dark/icons/line-awesome/fonts/la-solid-900.woff2]
[quixlab.com/demo/tradix/dark/icons/line-awesome/fonts/la-solid-900.woff]
[quixlab.com/demo/tradix/dark/icons/line-awesome/fonts/la-solid-900.ttf]
[quixlab.com/demo/tradix/dark/icons/line-awesome/css/line-awesome.min.css]
[quixlab.com/demo/tradix/dark/icons/font-awesome/fonts/fontawesome-webfont3e6e3e6e.eot]
[quixlab.com/demo/tradix/dark/icons/font-awesome/fonts/fontawesome-webfontd41dd41d.eot]
[quixlab.com/demo/tradix/dark/icons/font-awesome/fonts/fontawesome-webfont3e6e3e6e.woff2]
[quixlab.com/demo/tradix/dark/icons/font-awesome/fonts/fontawesome-webfont3e6e3e6e.woff]
[quixlab.com/demo/tradix/dark/icons/font-awesome/fonts/fontawesome-webfont3e6e3e6e.ttf]
[quixlab.com/demo/tradix/dark/icons/font-awesome/css/font-awesome.min.css]
[quixlab.com/demo/tradix/dark/icons/cryptocoins/fonts/cryptocoins.woff2]
[quixlab.com/demo/tradix/dark/icons/cryptocoins/fonts/cryptocoins.woff]
[quixlab.com/demo/tradix/dark/icons/cryptocoins/fonts/cryptocoins.ttf]
[quixlab.com/demo/tradix/dark/icons/cryptocoins/css/cryptocoins.css]
[quixlab.com/demo/tradix/dark/icons/cryptocoins/css/cryptocoins-colors.css]
[quixlab.com/demo/tradix/dark/icons/material-design-iconic-font/fonts/materialdesignicons-webfont683c.eot]
[quixlab.com/demo/tradix/dark/icons/material-design-iconic-font/fonts/materialdesignicons-webfontd41d.eot]
[quixlab.com/demo/tradix/dark/icons/material-design-iconic-font/fonts/materialdesignicons-webfont683c.woff2]
[quixlab.com/demo/tradix/dark/icons/material-design-iconic-font/fonts/materialdesignicons-webfont683c.woff]
[quixlab.com/demo/tradix/dark/icons/material-design-iconic-font/fonts/materialdesignicons-webfont683c.ttf]
[quixlab.com/demo/tradix/dark/icons/material-design-iconic-font/css/materialdesignicons.min.css]
[quixlab.com/demo/tradix/dark/images/svg/api.svg]
[quixlab.com/demo/tradix/dark/images/svg/affiliate.svg]
[quixlab.com/demo/tradix/dark/vendor/toastr/toastr.min.css]
[quixlab.com/demo/tradix/dark/accounts.html]
[quixlab.com/demo/tradix/dark/history.html]
[quixlab.com/demo/tradix/dark/vendor/jquery-ui/jquery-ui.min.js]
[quixlab.com/demo/tradix/dark/js/plugins/jquery-ui-init.js]
[quixlab.com/demo/tradix/dark/settings.html]
[quixlab.com/demo/tradix/dark/lock.html]
[quixlab.com/demo/tradix/dark/images/profile/1.png]
[quixlab.com/demo/tradix/dark/vendor/magnific-popup/magnific-popup.js]
[quixlab.com/demo/tradix/dark/vendor/magnific-popup/magnific-popup-init.js]
[quixlab.com/demo/tradix/dark/buy-sell.html]
[quixlab.com/demo/tradix/dark/reset.html]
[quixlab.com/demo/tradix/dark/signup.html]
[quixlab.com/demo/tradix/dark/icons/line-awesome/fonts/la-brands-400.svg]
[quixlab.com/demo/tradix/dark/icons/line-awesome/fonts/la-regular-400.svg]
[quixlab.com/demo/tradix/dark/icons/line-awesome/fonts/la-solid-900.svg]
[quixlab.com/demo/tradix/dark/icons/font-awesome/fonts/fontawesome-webfont3e6e3e6e.svg]
[quixlab.com/demo/tradix/dark/vendor/magnific-popup/magnific-popup.css]
[quixlab.com/demo/tradix/dark/icons/material-design-iconic-font/fonts/materialdesignicons-webfont683c.svg]
[quixlab.com/demo/tradix/dark/settings-preferences.html]
[quixlab.com/demo/tradix/dark/images/profile/2.png]
[quixlab.com/demo/tradix/dark/images/id.png]
[quixlab.com/demo/tradix/dark/settings-security.html]
[quixlab.com/demo/tradix/dark/settings-account.html]
[quixlab.com/demo/tradix/dark/verify-step-2.html]
[quixlab.com/demo/tradix/dark/verify-step-5.html]
[quixlab.com/demo/tradix/dark/verify-step-1.html]
[quixlab.com/demo/tradix/dark/front.html]
[quixlab.com/demo/tradix/dark/back.html]
[quixlab.com/demo/tradix/dark/images/routing.png]
[quixlab.com/demo/tradix/dark/add-bank-acc.html]
[quixlab.com/demo/tradix/dark/add-debit-card.html]
